

Thu Nov 23 09:50:19 2017
Command line: TestDisk

TestDisk 7.0, Data Recovery Utility, April 2015
Christophe GRENIER <grenier@cgsecurity.org>
http://www.cgsecurity.org
OS: Linux, kernel 4.10.0-38-generic (#42~16.04.1-Ubuntu SMP Tue Oct 10 16:32:20 UTC 2017) x86_64
Compiler: GCC 5.3
ext2fs lib: 1.42.13, ntfs lib: libntfs-3g, reiserfs lib: none, ewf lib: none, curses lib: ncurses 6.0
User is not root!
Hard disk list


TestDisk exited normally.


Thu Nov 23 09:50:23 2017
Command line: TestDisk

TestDisk 7.0, Data Recovery Utility, April 2015
Christophe GRENIER <grenier@cgsecurity.org>
http://www.cgsecurity.org
OS: Linux, kernel 4.10.0-38-generic (#42~16.04.1-Ubuntu SMP Tue Oct 10 16:32:20 UTC 2017) x86_64
Compiler: GCC 5.3
ext2fs lib: 1.42.13, ntfs lib: libntfs-3g, reiserfs lib: none, ewf lib: none, curses lib: ncurses 6.0
/dev/sda: LBA, LBA48, DCO support
/dev/sda: size       976773168 sectors
/dev/sda: user_max   976773168 sectors
/dev/sda: dco        976773168 sectors
Warning: can't get size for Disk /dev/mapper/control - 0 B - 0 sectors, sector size=512
Hard disk list
Disk /dev/sda - 500 GB / 465 GiB - CHS 60801 255 63, sector size=512 - ST500LM012 HN-M500MBB, S/N:S2W3J5FC800249, FW:2AR10002
Disk /dev/sdb - 7748 MB / 7389 MiB - CHS 1021 239 62, sector size=512, FW:PMAP

Partition table type default to Intel
Partition table type default to Intel
Disk /dev/sdb - 7748 MB / 7389 MiB
Partition table type: Intel

Analyse Disk /dev/sdb - 7748 MB / 7389 MiB - CHS 1021 239 62
Current partition structure:
No partition is bootable

search_part()
Disk /dev/sdb - 7748 MB / 7389 MiB - CHS 1021 239 62

Results

interface_write()
 
No partition found or selected for recovery
simulate write!

write_mbr_i386: starting...
write_all_log_i386: starting...
No extended partition

Interface Advanced
New options :
 Dump : No
 Align partition: Yes
 Expert mode : No
Partition table has been cleared.
You have to reboot for the change to take effect.

Analyse Disk /dev/sdb - 7748 MB / 7389 MiB - CHS 1021 239 62
Current partition structure:
No partition is bootable

search_part()
Disk /dev/sdb - 7748 MB / 7389 MiB - CHS 1021 239 62

Results
Change partition type:
     No partition             0   0  1  1020 238 62   15129178

interface_write()
 
No partition found or selected for recovery
simulate write!

write_mbr_i386: starting...
write_all_log_i386: starting...
No extended partition

TestDisk exited normally.
